// Jest Snapshot v1, https://goo.gl/fbAQLP

exports[`matches snapshot 1`] = `
<div
  className="Dice"
>
  <Die
    idx={0}
    key="0"
    val={1}
  />
  <Die
    idx={1}
    key="1"
    val={2}
  />
  <Die
    idx={2}
    key="2"
    val={3}
  />
  <Die
    idx={3}
    key="3"
    val={4}
  />
  <Die
    idx={4}
    key="4"
    val={5}
  />
</div>
`;
