// Jest Snapshot v1, https://goo.gl/fbAQLP

exports[`matches snapshot 1`] = `
<section>
  <Dice
    dice={
      Array [
        3,
        4,
        6,
        6,
        1,
      ]
    }
    locked={
      Array [
        false,
        false,
        false,
        false,
        false,
      ]
    }
    noRollsLeft={false}
    toggleLocked={[Function]}
  />
  <button
    className="Game-reroll"
    disabled={false}
    onClick={[Function]}
  >
    2
     Rerolls Left
  </button>
  <ScoreTable
    doScore={[Function]}
    scores={
      Object {
        "chance": undefined,
        "fives": undefined,
        "fourOfKind": undefined,
        "fours": undefined,
        "fullHouse": undefined,
        "largeStraight": undefined,
        "ones": undefined,
        "sixes": undefined,
        "smallStraight": undefined,
        "threeOfKind": undefined,
        "threes": undefined,
        "twos": undefined,
        "yahtzee": undefined,
      }
    }
  />
  <br />
  <b>
    Total Score: 
    0
  </b>
  <br />
  <br />
</section>
`;
